<html>
<body>
<pre>
<h1>µVision Build Log</h1>
<h2>Tool Versions:</h2>
IDE-Version: ¦ÌVision V5.25.3.0
Copyright (C) 2018 ARM Ltd and ARM Germany GmbH. All rights reserved.
License Information: jia 89298, jia, LIC=CRMNN-YEFAP-LUR4M-X1X2X-U9XM8-LTGF0
 
Tool Versions:
Toolchain:       MDK-ARM Professional  Version: 5.14.0.0
Toolchain Path:  D:\Program FilesKeil_v5\ARM\ARMCC\Bin
C Compiler:      Armcc.exe V5.05 update 1 (build 106)
Assembler:       Armasm.exe V5.05 update 1 (build 106)
Linker/Locator:  ArmLink.exe V5.05 update 1 (build 106)
Library Manager: ArmAr.exe V5.05 update 1 (build 106)
Hex Converter:   FromElf.exe V5.05 update 1 (build 106)
CPU DLL:         SARMCM3.DLL V5.14.0.0
Dialog DLL:      DCM.DLL V1.13.1.0
Target DLL:      UL2CM3.DLL V1.155.0.0
Dialog DLL:      TCM.DLL V1.14.4.0
 
<h2>Project:</h2>
C:\Users\89298\Desktop\¿ÉÉ¾³ýexe\NewTechnology\Alog_znFAT_RTOS\RT_OS\RTOS\RTOS.uvprojx
Project File Date:  08/09/2019

<h2>Output:</h2>
*** Using Compiler 'V5.05 update 1 (build 106)', folder: 'D:\Program FilesKeil_v5\ARM\ARMCC\Bin'
Build target 'Target 1'
compiling tTask.c...
tConfig.h(7): warning:  #1-D: last line of file ends without a newline
  #endif
tTask.h(51): warning:  #1-D: last line of file ends without a newline
  #endif
tEvent.h(26): warning:  #1-D: last line of file ends without a newline
  #endif
tSem.h(12): warning:  #1-D: last line of file ends without a newline
  #endif
thinyOS.h(209): warning:  #1-D: last line of file ends without a newline
  #endif
tTask.c(158): warning:  #1-D: last line of file ends without a newline
  }
tTask.c: 6 warnings, 0 errors
compiling tTime.c...
tConfig.h(7): warning:  #1-D: last line of file ends without a newline
  #endif
tTask.h(51): warning:  #1-D: last line of file ends without a newline
  #endif
tEvent.h(26): warning:  #1-D: last line of file ends without a newline
  #endif
tSem.h(12): warning:  #1-D: last line of file ends without a newline
  #endif
thinyOS.h(209): warning:  #1-D: last line of file ends without a newline
  #endif
tTime.c(11): warning:  #1-D: last line of file ends without a newline
  								}
tTime.c: 6 warnings, 0 errors
compiling main.c...
tConfig.h(7): warning:  #1-D: last line of file ends without a newline
  #endif
tTask.h(51): warning:  #1-D: last line of file ends without a newline
  #endif
tEvent.h(26): warning:  #1-D: last line of file ends without a newline
  #endif
tSem.h(12): warning:  #1-D: last line of file ends without a newline
  #endif
thinyOS.h(209): warning:  #1-D: last line of file ends without a newline
  #endif
main.c(199): warning:  #1-D: last line of file ends without a newline
   }
main.c(189): warning:  #550-D: variable "str" was set but never used
   static uint8_t *str;
main.c: 7 warnings, 0 errors
compiling switch.c...
tConfig.h(7): warning:  #1-D: last line of file ends without a newline
  #endif
tTask.h(51): warning:  #1-D: last line of file ends without a newline
  #endif
tEvent.h(26): warning:  #1-D: last line of file ends without a newline
  #endif
tSem.h(12): warning:  #1-D: last line of file ends without a newline
  #endif
thinyOS.h(209): warning:  #1-D: last line of file ends without a newline
  #endif
switch.c: 5 warnings, 0 errors
compiling tEvent.c...
tConfig.h(7): warning:  #1-D: last line of file ends without a newline
  #endif
tTask.h(51): warning:  #1-D: last line of file ends without a newline
  #endif
tEvent.h(26): warning:  #1-D: last line of file ends without a newline
  #endif
tSem.h(12): warning:  #1-D: last line of file ends without a newline
  #endif
thinyOS.h(209): warning:  #1-D: last line of file ends without a newline
  #endif
tEvent.c: 5 warnings, 0 errors
compiling app.c...
tConfig.h(7): warning:  #1-D: last line of file ends without a newline
  #endif
tTask.h(51): warning:  #1-D: last line of file ends without a newline
  #endif
tEvent.h(26): warning:  #1-D: last line of file ends without a newline
  #endif
tSem.h(12): warning:  #1-D: last line of file ends without a newline
  #endif
thinyOS.h(209): warning:  #1-D: last line of file ends without a newline
  #endif
app.c(91): warning:  #1-D: last line of file ends without a newline
  }
app.c: 6 warnings, 0 errors
compiling tCpu.c...
tConfig.h(7): warning:  #1-D: last line of file ends without a newline
  #endif
tTask.h(51): warning:  #1-D: last line of file ends without a newline
  #endif
tEvent.h(26): warning:  #1-D: last line of file ends without a newline
  #endif
tSem.h(12): warning:  #1-D: last line of file ends without a newline
  #endif
thinyOS.h(209): warning:  #1-D: last line of file ends without a newline
  #endif
tCpu.c(15): warning:  #1-D: last line of file ends without a newline
  }
tCpu.c: 6 warnings, 0 errors
linking...
Program Size: Code=2056 RO-data=480 RW-data=56 ZI-data=25432  
".\Objects\RTOS.axf" - 0 Error(s), 41 Warning(s).

<h2>Software Packages used:</h2>

Package Vendor: ARM
                http://www.keil.com/pack/ARM.CMSIS.4.2.0.pack
                ARM.CMSIS.4.2.0
                CMSIS (Cortex Microcontroller Software Interface Standard)
   * Component: CORE Version: 3.40.0
   * Component: Startup Version: 1.0.1

<h2>Collection of Component include folders:</h2>
  .\RTE\_Target_1
  D:\Program FilesKeil_v5\ARM\PACK\ARM\CMSIS\4.2.0\CMSIS\Include
  D:\Program FilesKeil_v5\ARM\PACK\ARM\CMSIS\4.2.0\Device\ARM\ARMCM4\Include

<h2>Collection of Component Files used:</h2>

   * Component: ARM::CMSIS:CORE:3.40.0
      Source file:   CMSIS\UserCodeTemplates\ARM\ITM_Retarget.c

   * Component: ARM::Device:Startup:1.0.1
      Source file:   Device\ARM\ARMCM4\Source\ARM\startup_ARMCM4.s
      Source file:   Device\ARM\ARMCM4\Source\system_ARMCM4.c
Build Time Elapsed:  00:00:03
</pre>
</body>
</html>
