<html>
<body>
<pre>
<h1>µVision Build Log</h1>
<h2>Tool Versions:</h2>
IDE-Version: ¦ÌVision V5.14.0.0
Copyright (C) 2015 ARM Ltd and ARM Germany GmbH. All rights reserved.
License Information: jia 89298, jia, LIC=CRMNN-YEFAP-LUR4M-X1X2X-U9XM8-LTGF0
 
Tool Versions:
Toolchain:       MDK-ARM Professional  Version: 5.14.0.0
Toolchain Path:  D:\Program FilesKeil_v5\ARM\ARMCC\Bin
C Compiler:      Armcc.exe V5.05 update 1 (build 106)
Assembler:       Armasm.exe V5.05 update 1 (build 106)
Linker/Locator:  ArmLink.exe V5.05 update 1 (build 106)
Library Manager: ArmAr.exe V5.05 update 1 (build 106)
Hex Converter:   FromElf.exe V5.05 update 1 (build 106)
CPU DLL:         SARMCM3.DLL V5.14.0.0
Dialog DLL:      DCM.DLL V1.13.1.0
Target DLL:      UL2CM3.DLL V1.155.0.0
Dialog DLL:      TCM.DLL V1.14.4.0
 
<h2>Project:</h2>
F:\desk\NewTechnology\Alog_znFAT_RTOS\RT_OS\RTOS\RTOS.uvprojx
Project File Date:  09/19/2019

<h2>Output:</h2>
Build target 'Target 1'
compiling app.c...
tConfig.h(7): warning:  #1-D: last line of file ends without a newline
  #endif
tTask.h(49): warning:  #1-D: last line of file ends without a newline
  #endif
tEvent.h(40): warning:  #1-D: last line of file ends without a newline
  #endif
tSem.h(30): warning:  #1-D: last line of file ends without a newline
  #endif
tMbox.h(37): warning:  #1-D: last line of file ends without a newline
  #endif
tFlagGroup.h(42): warning:  #1-D: last line of file ends without a newline
  #endif
tMutex.h(30): warning:  #1-D: last line of file ends without a newline
  #endif
thinyOS.h(215): warning:  #1-D: last line of file ends without a newline
  #endif
tMenBlock.h(33): warning:  #1-D: last line of file ends without a newline
  #endif
app.c(44): warning:  #177-D: variable "i" was declared but never referenced
        uint8_t i;
app.c(45): warning:  #177-D: variable "mem" was declared but never referenced
        uint8_t *mem;
app.c(75): warning:  #177-D: variable "destroy" was declared but never referenced
        int destroy = 0;
app.c(76): warning:  #177-D: variable "resultFlags" was declared but never referenced
        uint32_t resultFlags;
app.c(77): warning:  #177-D: variable "info" was declared but never referenced
        tFlagGroupInfo info;
app.c(124): warning:  #1-D: last line of file ends without a newline
  }
app.c: 15 warnings, 0 errors
linking...
Program Size: Code=2860 RO-data=480 RW-data=56 ZI-data=27776  
".\Objects\RTOS.axf" - 0 Error(s), 15 Warning(s).

<h2>Software Packages used:</h2>

Package Vendor: ARM
                http://www.keil.com/pack/ARM.CMSIS.4.2.0.pack
                ARM::CMSIS:CORE:3.40.0
                CMSIS (Cortex Microcontroller Software Interface Standard)
   * Component: CORE Version: 3.40.0
   * Component: Startup Version: 1.0.1

<h2>Collection of Component include folders:</h2>
  F:\desk\NewTechnology\Alog_znFAT_RTOS\RT_OS\RTOS\RTE
  D:\Program FilesKeil_v5\ARM\PACK\ARM\CMSIS\4.2.0\CMSIS\Include
  D:\Program FilesKeil_v5\ARM\PACK\ARM\CMSIS\4.2.0\Device\ARM\ARMCM4\Include

<h2>Collection of Component Files used:</h2>

   * Component: ARM::CMSIS:CORE:3.40.0
      Source file:   CMSIS\UserCodeTemplates\ARM\ITM_Retarget.c

   * Component: ARM::Device:Startup:1.0.1
      Source file:   Device\ARM\ARMCM4\Source\system_ARMCM4.c
      Source file:   Device\ARM\ARMCM4\Source\ARM\startup_ARMCM4.s
</pre>
</body>
</html>
