Component: ARM Compiler 5.05 update 1 (build 106) Tool: armlink [4d0efa]

==============================================================================

Section Cross References

    main.o(i.big_little_test) refers to main.o(.data) for str
    main.o(i.main) refers to main.o(i.tTaskSchedInit) for tTaskSchedInit
    main.o(i.main) refers to main.o(i.tTaskDelayedInit) for tTaskDelayedInit
    main.o(i.main) refers to tbitmap.o(i.tBitmapInit) for tBitmapInit
    main.o(i.main) refers to ttask.o(i.tTaskInit) for tTaskInit
    main.o(i.main) refers to app.o(i.tInitApp) for tInitApp
    main.o(i.main) refers to main.o(i.tTaskHighestReady) for tTaskHighestReady
    main.o(i.main) refers to switch.o(i.tTaskRunFirst) for tTaskRunFirst
    main.o(i.main) refers to main.o(.data) for taskPrioBitmap
    main.o(i.main) refers to main.o(.bss) for idleTaskEnv
    main.o(i.main) refers to main.o(i.idleTask) for idleTask
    main.o(i.tTaskDelayedInit) refers to tlist.o(i.tListInit) for tListInit
    main.o(i.tTaskDelayedInit) refers to main.o(.bss) for tTaskDelayedList
    main.o(i.tTaskHighestReady) refers to tbitmap.o(i.tBitmapGetFirstSet) for tBitmapGetFirstSet
    main.o(i.tTaskHighestReady) refers to tlist.o(i.tListFirst) for tListFirst
    main.o(i.tTaskHighestReady) refers to main.o(.data) for taskPrioBitmap
    main.o(i.tTaskHighestReady) refers to main.o(.bss) for taskTable
    main.o(i.tTaskSched) refers to switch.o(i.tTaskEnterCritical) for tTaskEnterCritical
    main.o(i.tTaskSched) refers to main.o(i.tTaskHighestReady) for tTaskHighestReady
    main.o(i.tTaskSched) refers to switch.o(i.tTaskSwitch) for tTaskSwitch
    main.o(i.tTaskSched) refers to switch.o(i.tTaskExitCritical) for tTaskExitCritical
    main.o(i.tTaskSched) refers to main.o(.data) for schedLockCount
    main.o(i.tTaskSchedDisable) refers to switch.o(i.tTaskEnterCritical) for tTaskEnterCritical
    main.o(i.tTaskSchedDisable) refers to switch.o(i.tTaskExitCritical) for tTaskExitCritical
    main.o(i.tTaskSchedDisable) refers to main.o(.data) for schedLockCount
    main.o(i.tTaskSchedEnable) refers to switch.o(i.tTaskEnterCritical) for tTaskEnterCritical
    main.o(i.tTaskSchedEnable) refers to main.o(i.tTaskSched) for tTaskSched
    main.o(i.tTaskSchedEnable) refers to switch.o(i.tTaskExitCritical) for tTaskExitCritical
    main.o(i.tTaskSchedEnable) refers to main.o(.data) for schedLockCount
    main.o(i.tTaskSchedInit) refers to tbitmap.o(i.tBitmapInit) for tBitmapInit
    main.o(i.tTaskSchedInit) refers to tlist.o(i.tListInit) for tListInit
    main.o(i.tTaskSchedInit) refers to main.o(.data) for schedLockCount
    main.o(i.tTaskSchedInit) refers to main.o(.bss) for taskTable
    main.o(i.tTaskSchedRdy) refers to tlist.o(i.tListAddFirst) for tListAddFirst
    main.o(i.tTaskSchedRdy) refers to tbitmap.o(i.tBitmapSet) for tBitmapSet
    main.o(i.tTaskSchedRdy) refers to main.o(.bss) for taskTable
    main.o(i.tTaskSchedRdy) refers to main.o(.data) for taskPrioBitmap
    main.o(i.tTaskSchedUnRdy) refers to tlist.o(i.tListRemove) for tListRemove
    main.o(i.tTaskSchedUnRdy) refers to tlist.o(i.tListCount) for tListCount
    main.o(i.tTaskSchedUnRdy) refers to tbitmap.o(i.tBitmapClear) for tBitmapClear
    main.o(i.tTaskSchedUnRdy) refers to main.o(.bss) for taskTable
    main.o(i.tTaskSchedUnRdy) refers to main.o(.data) for taskPrioBitmap
    main.o(i.tTaskSystemTickhandler) refers to switch.o(i.tTaskEnterCritical) for tTaskEnterCritical
    main.o(i.tTaskSystemTickhandler) refers to tevent.o(i.tEventRemoveTask) for tEventRemoveTask
    main.o(i.tTaskSystemTickhandler) refers to main.o(i.tTimeTaskWakeUp) for tTimeTaskWakeUp
    main.o(i.tTaskSystemTickhandler) refers to main.o(i.tTaskSchedRdy) for tTaskSchedRdy
    main.o(i.tTaskSystemTickhandler) refers to tlist.o(i.tListCount) for tListCount
    main.o(i.tTaskSystemTickhandler) refers to tlist.o(i.tListRemoveFirst) for tListRemoveFirst
    main.o(i.tTaskSystemTickhandler) refers to tlist.o(i.tListAddLast) for tListAddLast
    main.o(i.tTaskSystemTickhandler) refers to switch.o(i.tTaskExitCritical) for tTaskExitCritical
    main.o(i.tTaskSystemTickhandler) refers to main.o(i.tTaskSched) for tTaskSched
    main.o(i.tTaskSystemTickhandler) refers to main.o(.bss) for tTaskDelayedList
    main.o(i.tTaskSystemTickhandler) refers to main.o(.data) for currentTask
    main.o(i.tTimeTaskWait) refers to tlist.o(i.tListAddLast) for tListAddLast
    main.o(i.tTimeTaskWait) refers to main.o(.bss) for tTaskDelayedList
    main.o(i.tTimeTaskWakeUp) refers to tlist.o(i.tListRemove) for tListRemove
    main.o(i.tTimeTaskWakeUp) refers to main.o(.bss) for tTaskDelayedList
    switch.o(.emb_text) refers to main.o(.data) for currentTask
    tbitmap.o(i.tBitmapGetFirstSet) refers to tbitmap.o(i.tBitmapPosCount) for tBitmapPosCount
    tbitmap.o(i.tBitmapGetFirstSet) refers to tbitmap.o(.constdata) for quickFindTable
    ttask.o(i.tTaskDeleteSelf) refers to switch.o(i.tTaskEnterCritical) for tTaskEnterCritical
    ttask.o(i.tTaskDeleteSelf) refers to ttask.o(i.tTaskSchedRemove) for tTaskSchedRemove
    ttask.o(i.tTaskDeleteSelf) refers to main.o(i.tTaskSched) for tTaskSched
    ttask.o(i.tTaskDeleteSelf) refers to switch.o(i.tTaskExitCritical) for tTaskExitCritical
    ttask.o(i.tTaskDeleteSelf) refers to main.o(.data) for currentTask
    ttask.o(i.tTaskForceDelete) refers to switch.o(i.tTaskEnterCritical) for tTaskEnterCritical
    ttask.o(i.tTaskForceDelete) refers to ttask.o(i.tTimeTaskRemove) for tTimeTaskRemove
    ttask.o(i.tTaskForceDelete) refers to ttask.o(i.tTaskSchedRemove) for tTaskSchedRemove
    ttask.o(i.tTaskForceDelete) refers to main.o(i.tTaskSched) for tTaskSched
    ttask.o(i.tTaskForceDelete) refers to switch.o(i.tTaskExitCritical) for tTaskExitCritical
    ttask.o(i.tTaskForceDelete) refers to main.o(.data) for currentTask
    ttask.o(i.tTaskGetInfo) refers to switch.o(i.tTaskEnterCritical) for tTaskEnterCritical
    ttask.o(i.tTaskGetInfo) refers to switch.o(i.tTaskExitCritical) for tTaskExitCritical
    ttask.o(i.tTaskInit) refers to tlist.o(i.tNodeInit) for tNodeInit
    ttask.o(i.tTaskInit) refers to tlist.o(i.tListAddFirst) for tListAddFirst
    ttask.o(i.tTaskInit) refers to tbitmap.o(i.tBitmapSet) for tBitmapSet
    ttask.o(i.tTaskInit) refers to main.o(.bss) for taskTable
    ttask.o(i.tTaskInit) refers to main.o(.data) for taskPrioBitmap
    ttask.o(i.tTaskIsRequesteDeleted) refers to switch.o(i.tTaskEnterCritical) for tTaskEnterCritical
    ttask.o(i.tTaskIsRequesteDeleted) refers to switch.o(i.tTaskExitCritical) for tTaskExitCritical
    ttask.o(i.tTaskIsRequesteDeleted) refers to main.o(.data) for currentTask
    ttask.o(i.tTaskRequestDelete) refers to switch.o(i.tTaskEnterCritical) for tTaskEnterCritical
    ttask.o(i.tTaskRequestDelete) refers to switch.o(i.tTaskExitCritical) for tTaskExitCritical
    ttask.o(i.tTaskSchedRemove) refers to tlist.o(i.tListRemove) for tListRemove
    ttask.o(i.tTaskSchedRemove) refers to tlist.o(i.tListCount) for tListCount
    ttask.o(i.tTaskSchedRemove) refers to tbitmap.o(i.tBitmapClear) for tBitmapClear
    ttask.o(i.tTaskSchedRemove) refers to main.o(.bss) for taskTable
    ttask.o(i.tTaskSchedRemove) refers to main.o(.data) for taskPrioBitmap
    ttask.o(i.tTaskSuspend) refers to switch.o(i.tTaskEnterCritical) for tTaskEnterCritical
    ttask.o(i.tTaskSuspend) refers to main.o(i.tTaskSchedUnRdy) for tTaskSchedUnRdy
    ttask.o(i.tTaskSuspend) refers to main.o(i.tTaskSched) for tTaskSched
    ttask.o(i.tTaskSuspend) refers to switch.o(i.tTaskExitCritical) for tTaskExitCritical
    ttask.o(i.tTaskSuspend) refers to main.o(.data) for currentTask
    ttask.o(i.tTaskWakeUp) refers to switch.o(i.tTaskEnterCritical) for tTaskEnterCritical
    ttask.o(i.tTaskWakeUp) refers to main.o(i.tTaskSchedRdy) for tTaskSchedRdy
    ttask.o(i.tTaskWakeUp) refers to main.o(i.tTaskSched) for tTaskSched
    ttask.o(i.tTaskWakeUp) refers to switch.o(i.tTaskExitCritical) for tTaskExitCritical
    ttask.o(i.tTimeTaskRemove) refers to tlist.o(i.tListRemove) for tListRemove
    ttask.o(i.tTimeTaskRemove) refers to main.o(.bss) for tTaskDelayedList
    ttime.o(i.tTaskDelay) refers to switch.o(i.tTaskEnterCritical) for tTaskEnterCritical
    ttime.o(i.tTaskDelay) refers to main.o(i.tTimeTaskWait) for tTimeTaskWait
    ttime.o(i.tTaskDelay) refers to main.o(i.tTaskSchedUnRdy) for tTaskSchedUnRdy
    ttime.o(i.tTaskDelay) refers to main.o(i.tTaskSched) for tTaskSched
    ttime.o(i.tTaskDelay) refers to switch.o(i.tTaskExitCritical) for tTaskExitCritical
    ttime.o(i.tTaskDelay) refers to main.o(.data) for currentTask
    tcpu.o(i.SysTick_Handler) refers to main.o(i.tTaskSystemTickhandler) for tTaskSystemTickhandler
    tcpu.o(i.tSetSysTickPeriod) refers to system_armcm4.o(.data) for SystemCoreClock
    app.o(i.tInitApp) refers to ttask.o(i.tTaskInit) for tTaskInit
    app.o(i.tInitApp) refers to app.o(.bss) for task1Env
    app.o(i.tInitApp) refers to app.o(i.task1) for task1
    app.o(i.tInitApp) refers to app.o(i.task2) for task2
    app.o(i.tInitApp) refers to app.o(i.task3) for task3
    app.o(i.tInitApp) refers to app.o(i.task4) for task4
    app.o(i.task1) refers to tcpu.o(i.tSetSysTickPeriod) for tSetSysTickPeriod
    app.o(i.task1) refers to tsem.o(i.tSemInit) for tSemInit
    app.o(i.task1) refers to ttime.o(i.tTaskDelay) for tTaskDelay
    app.o(i.task1) refers to app.o(.bss) for sem
    app.o(i.task1) refers to app.o(.data) for task_flag1
    app.o(i.task1DestroyFunc) refers to app.o(.data) for task_flag1
    app.o(i.task2) refers to ttime.o(i.tTaskDelay) for tTaskDelay
    app.o(i.task2) refers to app.o(.data) for task_flag2
    app.o(i.task3) refers to ttime.o(i.tTaskDelay) for tTaskDelay
    app.o(i.task3) refers to app.o(.data) for task_flag3
    app.o(i.task4) refers to ttime.o(i.tTaskDelay) for tTaskDelay
    app.o(i.task4) refers to app.o(.data) for task_flag4
    tevent.o(i.tEventInit) refers to tlist.o(i.tListInit) for tListInit
    tevent.o(i.tEventRemoveAll) refers to switch.o(i.tTaskEnterCritical) for tTaskEnterCritical
    tevent.o(i.tEventRemoveAll) refers to tlist.o(i.tListCount) for tListCount
    tevent.o(i.tEventRemoveAll) refers to main.o(i.tTimeTaskWakeUp) for tTimeTaskWakeUp
    tevent.o(i.tEventRemoveAll) refers to main.o(i.tTaskSchedRdy) for tTaskSchedRdy
    tevent.o(i.tEventRemoveAll) refers to tlist.o(i.tListRemoveFirst) for tListRemoveFirst
    tevent.o(i.tEventRemoveAll) refers to switch.o(i.tTaskExitCritical) for tTaskExitCritical
    tevent.o(i.tEventRemoveTask) refers to switch.o(i.tTaskEnterCritical) for tTaskEnterCritical
    tevent.o(i.tEventRemoveTask) refers to tlist.o(i.tListRemove) for tListRemove
    tevent.o(i.tEventRemoveTask) refers to switch.o(i.tTaskExitCritical) for tTaskExitCritical
    tevent.o(i.tEventWait) refers to switch.o(i.tTaskEnterCritical) for tTaskEnterCritical
    tevent.o(i.tEventWait) refers to main.o(i.tTaskSchedUnRdy) for tTaskSchedUnRdy
    tevent.o(i.tEventWait) refers to tlist.o(i.tListAddLast) for tListAddLast
    tevent.o(i.tEventWait) refers to main.o(i.tTimeTaskWait) for tTimeTaskWait
    tevent.o(i.tEventWait) refers to switch.o(i.tTaskExitCritical) for tTaskExitCritical
    tevent.o(i.tEventWaitCount) refers to switch.o(i.tTaskEnterCritical) for tTaskEnterCritical
    tevent.o(i.tEventWaitCount) refers to tlist.o(i.tListCount) for tListCount
    tevent.o(i.tEventWaitCount) refers to switch.o(i.tTaskExitCritical) for tTaskExitCritical
    tevent.o(i.tEventWakeUp) refers to switch.o(i.tTaskEnterCritical) for tTaskEnterCritical
    tevent.o(i.tEventWakeUp) refers to tlist.o(i.tListRemoveFirst) for tListRemoveFirst
    tevent.o(i.tEventWakeUp) refers to main.o(i.tTimeTaskWakeUp) for tTimeTaskWakeUp
    tevent.o(i.tEventWakeUp) refers to main.o(i.tTaskSchedRdy) for tTaskSchedRdy
    tevent.o(i.tEventWakeUp) refers to switch.o(i.tTaskExitCritical) for tTaskExitCritical
    tsem.o(i.tSemInit) refers to tevent.o(i.tEventInit) for tEventInit
    startup_armcm4.o(STACK) refers (Special) to heapauxi.o(.text) for __use_two_region_memory
    startup_armcm4.o(HEAP) refers (Special) to heapauxi.o(.text) for __use_two_region_memory
    startup_armcm4.o(RESET) refers (Special) to heapauxi.o(.text) for __use_two_region_memory
    startup_armcm4.o(RESET) refers to startup_armcm4.o(STACK) for __initial_sp
    startup_armcm4.o(RESET) refers to startup_armcm4.o(.text) for Reset_Handler
    startup_armcm4.o(RESET) refers to switch.o(.emb_text) for PendSV_Handler
    startup_armcm4.o(RESET) refers to tcpu.o(i.SysTick_Handler) for SysTick_Handler
    startup_armcm4.o(.text) refers (Special) to heapauxi.o(.text) for __use_two_region_memory
    startup_armcm4.o(.text) refers to system_armcm4.o(i.SystemInit) for SystemInit
    startup_armcm4.o(.text) refers to __main.o(!!!main) for __main
    startup_armcm4.o(.text) refers to startup_armcm4.o(HEAP) for Heap_Mem
    startup_armcm4.o(.text) refers to startup_armcm4.o(STACK) for Stack_Mem
    system_armcm4.o(i.SystemCoreClockUpdate) refers to system_armcm4.o(.data) for SystemCoreClock
    system_armcm4.o(i.SystemInit) refers to system_armcm4.o(.data) for SystemCoreClock
    __main.o(!!!main) refers to __rtentry.o(.ARM.Collect$$rtentry$$00000000) for __rt_entry
    __rtentry.o(.ARM.Collect$$rtentry$$00000000) refers (Special) to __rtentry2.o(.ARM.Collect$$rtentry$$0000000A) for __rt_entry_li
    __rtentry.o(.ARM.Collect$$rtentry$$00000000) refers (Special) to __rtentry2.o(.ARM.Collect$$rtentry$$0000000D) for __rt_entry_main
    __rtentry.o(.ARM.Collect$$rtentry$$00000000) refers (Special) to __rtentry2.o(.ARM.Collect$$rtentry$$0000000C) for __rt_entry_postli_1
    __rtentry.o(.ARM.Collect$$rtentry$$00000000) refers (Special) to __rtentry2.o(.ARM.Collect$$rtentry$$00000009) for __rt_entry_postsh_1
    __rtentry.o(.ARM.Collect$$rtentry$$00000000) refers (Special) to __rtentry2.o(.ARM.Collect$$rtentry$$00000002) for __rt_entry_presh_1
    __rtentry.o(.ARM.Collect$$rtentry$$00000000) refers (Special) to __rtentry4.o(.ARM.Collect$$rtentry$$00000004) for __rt_entry_sh
    __rtentry2.o(.ARM.Collect$$rtentry$$00000008) refers to boardinit2.o(.text) for _platform_post_stackheap_init
    __rtentry2.o(.ARM.Collect$$rtentry$$0000000A) refers to libinit.o(.ARM.Collect$$libinit$$00000000) for __rt_lib_init
    __rtentry2.o(.ARM.Collect$$rtentry$$0000000B) refers to boardinit3.o(.text) for _platform_post_lib_init
    __rtentry2.o(.ARM.Collect$$rtentry$$0000000D) refers to main.o(i.main) for main
    __rtentry2.o(.ARM.Collect$$rtentry$$0000000D) refers to exit.o(.text) for exit
    __rtentry2.o(.ARM.exidx) refers to __rtentry2.o(.ARM.Collect$$rtentry$$00000001) for .ARM.Collect$$rtentry$$00000001
    __rtentry2.o(.ARM.exidx) refers to __rtentry2.o(.ARM.Collect$$rtentry$$00000008) for .ARM.Collect$$rtentry$$00000008
    __rtentry2.o(.ARM.exidx) refers to __rtentry2.o(.ARM.Collect$$rtentry$$0000000A) for .ARM.Collect$$rtentry$$0000000A
    __rtentry2.o(.ARM.exidx) refers to __rtentry2.o(.ARM.Collect$$rtentry$$0000000B) for .ARM.Collect$$rtentry$$0000000B
    __rtentry2.o(.ARM.exidx) refers to __rtentry2.o(.ARM.Collect$$rtentry$$0000000D) for .ARM.Collect$$rtentry$$0000000D
    __rtentry4.o(.ARM.Collect$$rtentry$$00000004) refers to sys_stackheap_outer.o(.text) for __user_setup_stackheap
    __rtentry4.o(.ARM.exidx) refers to __rtentry4.o(.ARM.Collect$$rtentry$$00000004) for .ARM.Collect$$rtentry$$00000004
    sys_stackheap_outer.o(.text) refers to libspace.o(.text) for __user_perproc_libspace
    sys_stackheap_outer.o(.text) refers to startup_armcm4.o(.text) for __user_initial_stackheap
    exit.o(.text) refers to rtexit.o(.ARM.Collect$$rtexit$$00000000) for __rt_exit
    libinit.o(.ARM.Collect$$libinit$$00000000) refers (Special) to libinit2.o(.ARM.Collect$$libinit$$0000002E) for __rt_lib_init_alloca_1
    libinit.o(.ARM.Collect$$libinit$$00000000) refers (Special) to libinit2.o(.ARM.Collect$$libinit$$0000002C) for __rt_lib_init_argv_1
    libinit.o(.ARM.Collect$$libinit$$00000000) refers (Special) to libinit2.o(.ARM.Collect$$libinit$$0000001B) for __rt_lib_init_atexit_1
    libinit.o(.ARM.Collect$$libinit$$00000000) refers (Special) to libinit2.o(.ARM.Collect$$libinit$$00000021) for __rt_lib_init_clock_1
    libinit.o(.ARM.Collect$$libinit$$00000000) refers (Special) to libinit2.o(.ARM.Collect$$libinit$$00000032) for __rt_lib_init_cpp_1
    libinit.o(.ARM.Collect$$libinit$$00000000) refers (Special) to libinit2.o(.ARM.Collect$$libinit$$00000030) for __rt_lib_init_exceptions_1
    libinit.o(.ARM.Collect$$libinit$$00000000) refers (Special) to libinit2.o(.ARM.Collect$$libinit$$00000002) for __rt_lib_init_fp_1
    libinit.o(.ARM.Collect$$libinit$$00000000) refers (Special) to libinit2.o(.ARM.Collect$$libinit$$0000001F) for __rt_lib_init_fp_trap_1
    libinit.o(.ARM.Collect$$libinit$$00000000) refers (Special) to libinit2.o(.ARM.Collect$$libinit$$00000023) for __rt_lib_init_getenv_1
    libinit.o(.ARM.Collect$$libinit$$00000000) refers (Special) to libinit2.o(.ARM.Collect$$libinit$$0000000A) for __rt_lib_init_heap_1
    libinit.o(.ARM.Collect$$libinit$$00000000) refers (Special) to libinit2.o(.ARM.Collect$$libinit$$00000011) for __rt_lib_init_lc_collate_1
    libinit.o(.ARM.Collect$$libinit$$00000000) refers (Special) to libinit2.o(.ARM.Collect$$libinit$$00000013) for __rt_lib_init_lc_ctype_1
    libinit.o(.ARM.Collect$$libinit$$00000000) refers (Special) to libinit2.o(.ARM.Collect$$libinit$$00000015) for __rt_lib_init_lc_monetary_1
    libinit.o(.ARM.Collect$$libinit$$00000000) refers (Special) to libinit2.o(.ARM.Collect$$libinit$$00000017) for __rt_lib_init_lc_numeric_1
    libinit.o(.ARM.Collect$$libinit$$00000000) refers (Special) to libinit2.o(.ARM.Collect$$libinit$$00000019) for __rt_lib_init_lc_time_1
    libinit.o(.ARM.Collect$$libinit$$00000000) refers (Special) to libinit2.o(.ARM.Collect$$libinit$$00000004) for __rt_lib_init_preinit_1
    libinit.o(.ARM.Collect$$libinit$$00000000) refers (Special) to libinit2.o(.ARM.Collect$$libinit$$0000000E) for __rt_lib_init_rand_1
    libinit.o(.ARM.Collect$$libinit$$00000000) refers (Special) to libinit2.o(.ARM.Collect$$libinit$$00000033) for __rt_lib_init_return
    libinit.o(.ARM.Collect$$libinit$$00000000) refers (Special) to libinit2.o(.ARM.Collect$$libinit$$0000001D) for __rt_lib_init_signal_1
    libinit.o(.ARM.Collect$$libinit$$00000000) refers (Special) to libinit2.o(.ARM.Collect$$libinit$$00000025) for __rt_lib_init_stdio_1
    libinit.o(.ARM.Collect$$libinit$$00000000) refers (Special) to libinit2.o(.ARM.Collect$$libinit$$0000000C) for __rt_lib_init_user_alloc_1
    libspace.o(.text) refers to libspace.o(.bss) for __libspace_start
    rtexit.o(.ARM.Collect$$rtexit$$00000000) refers (Special) to rtexit2.o(.ARM.Collect$$rtexit$$00000004) for __rt_exit_exit
    rtexit.o(.ARM.Collect$$rtexit$$00000000) refers (Special) to rtexit2.o(.ARM.Collect$$rtexit$$00000003) for __rt_exit_ls
    rtexit.o(.ARM.Collect$$rtexit$$00000000) refers (Special) to rtexit2.o(.ARM.Collect$$rtexit$$00000002) for __rt_exit_prels_1
    rtexit.o(.ARM.exidx) refers (Special) to rtexit2.o(.ARM.Collect$$rtexit$$00000004) for __rt_exit_exit
    rtexit.o(.ARM.exidx) refers (Special) to rtexit2.o(.ARM.Collect$$rtexit$$00000003) for __rt_exit_ls
    rtexit.o(.ARM.exidx) refers (Special) to rtexit2.o(.ARM.Collect$$rtexit$$00000002) for __rt_exit_prels_1
    rtexit.o(.ARM.exidx) refers to rtexit.o(.ARM.Collect$$rtexit$$00000000) for .ARM.Collect$$rtexit$$00000000
    libinit2.o(.ARM.Collect$$libinit$$00000010) refers to libinit2.o(.ARM.Collect$$libinit$$0000000F) for .ARM.Collect$$libinit$$0000000F
    libinit2.o(.ARM.Collect$$libinit$$00000012) refers to libinit2.o(.ARM.Collect$$libinit$$0000000F) for .ARM.Collect$$libinit$$0000000F
    libinit2.o(.ARM.Collect$$libinit$$00000014) refers to libinit2.o(.ARM.Collect$$libinit$$0000000F) for .ARM.Collect$$libinit$$0000000F
    libinit2.o(.ARM.Collect$$libinit$$00000016) refers to libinit2.o(.ARM.Collect$$libinit$$0000000F) for .ARM.Collect$$libinit$$0000000F
    libinit2.o(.ARM.Collect$$libinit$$00000018) refers to libinit2.o(.ARM.Collect$$libinit$$0000000F) for .ARM.Collect$$libinit$$0000000F
    libinit2.o(.ARM.Collect$$libinit$$00000026) refers to argv_veneer.o(.emb_text) for __ARM_argv_veneer
    libinit2.o(.ARM.Collect$$libinit$$00000027) refers to argv_veneer.o(.emb_text) for __ARM_argv_veneer
    rtexit2.o(.ARM.Collect$$rtexit$$00000003) refers to libshutdown.o(.ARM.Collect$$libshutdown$$00000000) for __rt_lib_shutdown
    rtexit2.o(.ARM.Collect$$rtexit$$00000004) refers to sys_exit.o(.text) for _sys_exit
    rtexit2.o(.ARM.exidx) refers to rtexit2.o(.ARM.Collect$$rtexit$$00000001) for .ARM.Collect$$rtexit$$00000001
    rtexit2.o(.ARM.exidx) refers to rtexit2.o(.ARM.Collect$$rtexit$$00000003) for .ARM.Collect$$rtexit$$00000003
    rtexit2.o(.ARM.exidx) refers to rtexit2.o(.ARM.Collect$$rtexit$$00000004) for .ARM.Collect$$rtexit$$00000004
    argv_veneer.o(.emb_text) refers to no_argv.o(.text) for __ARM_get_argv
    sys_exit.o(.text) refers (Special) to use_no_semi.o(.text) for __I$use$semihosting
    sys_exit.o(.text) refers (Special) to indicate_semi.o(.text) for __semihosting_library_function
    _get_argv_nomalloc.o(.text) refers (Special) to hrguard.o(.text) for __heap_region$guard
    _get_argv_nomalloc.o(.text) refers to defsig_rtmem_outer.o(.text) for __rt_SIGRTMEM
    _get_argv_nomalloc.o(.text) refers to sys_command.o(.text) for _sys_command_string
    libshutdown.o(.ARM.Collect$$libshutdown$$00000000) refers (Special) to libshutdown2.o(.ARM.Collect$$libshutdown$$00000006) for __rt_lib_shutdown_fp_trap_1
    libshutdown.o(.ARM.Collect$$libshutdown$$00000000) refers (Special) to libshutdown2.o(.ARM.Collect$$libshutdown$$0000000E) for __rt_lib_shutdown_heap_1
    libshutdown.o(.ARM.Collect$$libshutdown$$00000000) refers (Special) to libshutdown2.o(.ARM.Collect$$libshutdown$$0000000F) for __rt_lib_shutdown_return
    libshutdown.o(.ARM.Collect$$libshutdown$$00000000) refers (Special) to libshutdown2.o(.ARM.Collect$$libshutdown$$00000009) for __rt_lib_shutdown_signal_1
    libshutdown.o(.ARM.Collect$$libshutdown$$00000000) refers (Special) to libshutdown2.o(.ARM.Collect$$libshutdown$$00000003) for __rt_lib_shutdown_stdio_1
    libshutdown.o(.ARM.Collect$$libshutdown$$00000000) refers (Special) to libshutdown2.o(.ARM.Collect$$libshutdown$$0000000B) for __rt_lib_shutdown_user_alloc_1
    sys_command.o(.text) refers (Special) to use_no_semi.o(.text) for __I$use$semihosting
    sys_command.o(.text) refers (Special) to indicate_semi.o(.text) for __semihosting_library_function
    defsig_rtmem_outer.o(.text) refers to defsig_rtmem_inner.o(.text) for __rt_SIGRTMEM_inner
    defsig_rtmem_outer.o(.text) refers to defsig_exit.o(.text) for __sig_exit
    defsig_rtmem_formal.o(.text) refers to rt_raise.o(.text) for __rt_raise
    rt_raise.o(.text) refers to __raise.o(.text) for __raise
    rt_raise.o(.text) refers to sys_exit.o(.text) for _sys_exit
    defsig_exit.o(.text) refers to sys_exit.o(.text) for _sys_exit
    defsig_rtmem_inner.o(.text) refers to defsig_general.o(.text) for __default_signal_display
    __raise.o(.text) refers to defsig.o(CL$$defsig) for __default_signal_handler
    defsig_general.o(.text) refers to sys_wrch.o(.text) for _ttywrch
    sys_wrch.o(.text) refers (Special) to use_no_semi.o(.text) for __I$use$semihosting
    sys_wrch.o(.text) refers (Special) to indicate_semi.o(.text) for __semihosting_library_function
    defsig.o(CL$$defsig) refers to defsig_rtmem_inner.o(.text) for __rt_SIGRTMEM_inner
    defsig_abrt_inner.o(.text) refers to defsig_general.o(.text) for __default_signal_display
    defsig_fpe_inner.o(.text) refers to defsig_general.o(.text) for __default_signal_display
    defsig_rtred_inner.o(.text) refers to defsig_general.o(.text) for __default_signal_display
    defsig_stak_inner.o(.text) refers to defsig_general.o(.text) for __default_signal_display
    defsig_pvfn_inner.o(.text) refers to defsig_general.o(.text) for __default_signal_display
    defsig_cppl_inner.o(.text) refers to defsig_general.o(.text) for __default_signal_display
    defsig_segv_inner.o(.text) refers to defsig_general.o(.text) for __default_signal_display
    defsig_other.o(.text) refers to defsig_general.o(.text) for __default_signal_display


==============================================================================

Removing Unused input sections from the image.

    Removing main.o(i.big_little_test), (92 bytes).
    Removing main.o(i.tTaskSchedDisable), (40 bytes).
    Removing main.o(i.tTaskSchedEnable), (48 bytes).
    Removing switch.o(.rev16_text), (4 bytes).
    Removing switch.o(.revsh_text), (4 bytes).
    Removing switch.o(.rrx_text), (6 bytes).
    Removing tlist.o(i.tListInsertAfter), (20 bytes).
    Removing tlist.o(i.tListLast), (12 bytes).
    Removing tlist.o(i.tListNext), (16 bytes).
    Removing tlist.o(i.tListPre), (16 bytes).
    Removing tlist.o(i.tListRemoveAll), (32 bytes).
    Removing ttask.o(i.tTaskDeleteSelf), (56 bytes).
    Removing ttask.o(i.tTaskForceDelete), (76 bytes).
    Removing ttask.o(i.tTaskGetInfo), (42 bytes).
    Removing ttask.o(i.tTaskIsRequesteDeleted), (32 bytes).
    Removing ttask.o(i.tTaskRequestDelete), (24 bytes).
    Removing ttask.o(i.tTaskSchedRemove), (60 bytes).
    Removing ttask.o(i.tTaskSetCleanCallFunc), (6 bytes).
    Removing ttask.o(i.tTaskSuspend), (72 bytes).
    Removing ttask.o(i.tTaskWakeUp), (58 bytes).
    Removing ttask.o(i.tTimeTaskRemove), (20 bytes).
    Removing tcpu.o(.rev16_text), (4 bytes).
    Removing tcpu.o(.revsh_text), (4 bytes).
    Removing tcpu.o(.rrx_text), (6 bytes).
    Removing app.o(i.task1DestroyFunc), (12 bytes).
    Removing tevent.o(i.tEventRemoveAll), (86 bytes).
    Removing tevent.o(i.tEventWait), (74 bytes).
    Removing tevent.o(i.tEventWaitCount), (30 bytes).
    Removing tevent.o(i.tEventWakeUp), (74 bytes).
    Removing system_armcm4.o(.rev16_text), (4 bytes).
    Removing system_armcm4.o(.revsh_text), (4 bytes).
    Removing system_armcm4.o(.rrx_text), (6 bytes).
    Removing system_armcm4.o(i.SystemCoreClockUpdate), (16 bytes).

33 unused section(s) (total 1056 bytes) removed from the image.

==============================================================================

Image Symbol Table

    Local Symbols

    Symbol Name                              Value     Ov Type        Size  Object(Section)

    RESET                                    0x00000000   Section      192  startup_armcm4.o(RESET)
    ../clib/angel/boardlib.s                 0x00000000   Number         0  boardshut.o ABSOLUTE
    ../clib/angel/boardlib.s                 0x00000000   Number         0  boardinit3.o ABSOLUTE
    ../clib/angel/boardlib.s                 0x00000000   Number         0  boardinit1.o ABSOLUTE
    ../clib/angel/boardlib.s                 0x00000000   Number         0  boardinit2.o ABSOLUTE
    ../clib/angel/handlers.s                 0x00000000   Number         0  __scatter_zi.o ABSOLUTE
    ../clib/angel/handlers.s                 0x00000000   Number         0  __scatter_copy.o ABSOLUTE
    ../clib/angel/kernel.s                   0x00000000   Number         0  __rtentry2.o ABSOLUTE
    ../clib/angel/kernel.s                   0x00000000   Number         0  rtexit.o ABSOLUTE
    ../clib/angel/kernel.s                   0x00000000   Number         0  rtexit2.o ABSOLUTE
    ../clib/angel/kernel.s                   0x00000000   Number         0  __rtentry.o ABSOLUTE
    ../clib/angel/kernel.s                   0x00000000   Number         0  __rtentry4.o ABSOLUTE
    ../clib/angel/rt.s                       0x00000000   Number         0  rt_raise.o ABSOLUTE
    ../clib/angel/scatter.s                  0x00000000   Number         0  __scatter.o ABSOLUTE
    ../clib/angel/startup.s                  0x00000000   Number         0  __main.o ABSOLUTE
    ../clib/angel/sys.s                      0x00000000   Number         0  use_no_semi.o ABSOLUTE
    ../clib/angel/sys.s                      0x00000000   Number         0  indicate_semi.o ABSOLUTE
    ../clib/angel/sys.s                      0x00000000   Number         0  sys_stackheap_outer.o ABSOLUTE
    ../clib/angel/sys.s                      0x00000000   Number         0  libspace.o ABSOLUTE
    ../clib/angel/sysapp.c                   0x00000000   Number         0  sys_wrch.o ABSOLUTE
    ../clib/angel/sysapp.c                   0x00000000   Number         0  sys_exit.o ABSOLUTE
    ../clib/angel/sysapp.c                   0x00000000   Number         0  sys_command.o ABSOLUTE
    ../clib/armsys.c                         0x00000000   Number         0  argv_veneer.o ABSOLUTE
    ../clib/armsys.c                         0x00000000   Number         0  argv_veneer.o ABSOLUTE
    ../clib/armsys.c                         0x00000000   Number         0  no_argv.o ABSOLUTE
    ../clib/armsys.c                         0x00000000   Number         0  _get_argv_nomalloc.o ABSOLUTE
    ../clib/heapalloc.c                      0x00000000   Number         0  hrguard.o ABSOLUTE
    ../clib/heapaux.c                        0x00000000   Number         0  heapauxi.o ABSOLUTE
    ../clib/libinit.s                        0x00000000   Number         0  libshutdown2.o ABSOLUTE
    ../clib/libinit.s                        0x00000000   Number         0  libinit2.o ABSOLUTE
    ../clib/libinit.s                        0x00000000   Number         0  libinit.o ABSOLUTE
    ../clib/libinit.s                        0x00000000   Number         0  libshutdown.o ABSOLUTE
    ../clib/signal.c                         0x00000000   Number         0  defsig_general.o ABSOLUTE
    ../clib/signal.c                         0x00000000   Number         0  __raise.o ABSOLUTE
    ../clib/signal.c                         0x00000000   Number         0  defsig_rtmem_inner.o ABSOLUTE
    ../clib/signal.c                         0x00000000   Number         0  defsig_exit.o ABSOLUTE
    ../clib/signal.c                         0x00000000   Number         0  defsig_rtred_inner.o ABSOLUTE
    ../clib/signal.c                         0x00000000   Number         0  defsig_fpe_inner.o ABSOLUTE
    ../clib/signal.c                         0x00000000   Number         0  defsig_rtmem_formal.o ABSOLUTE
    ../clib/signal.c                         0x00000000   Number         0  defsig_rtmem_outer.o ABSOLUTE
    ../clib/signal.c                         0x00000000   Number         0  defsig_other.o ABSOLUTE
    ../clib/signal.c                         0x00000000   Number         0  defsig_cppl_inner.o ABSOLUTE
    ../clib/signal.c                         0x00000000   Number         0  defsig_pvfn_inner.o ABSOLUTE
    ../clib/signal.c                         0x00000000   Number         0  defsig_stak_inner.o ABSOLUTE
    ../clib/signal.c                         0x00000000   Number         0  defsig_abrt_inner.o ABSOLUTE
    ../clib/signal.c                         0x00000000   Number         0  defsig_segv_inner.o ABSOLUTE
    ../clib/signal.s                         0x00000000   Number         0  defsig.o ABSOLUTE
    ../clib/stdlib.c                         0x00000000   Number         0  exit.o ABSOLUTE
    ../fplib/fpinit.s                        0x00000000   Number         0  fpinit.o ABSOLUTE
    RTE\Device\ARMCM4\startup_ARMCM4.s       0x00000000   Number         0  startup_armcm4.o ABSOLUTE
    RTE\Device\ARMCM4\system_ARMCM4.c        0x00000000   Number         0  system_armcm4.o ABSOLUTE
    RTE\\Device\\ARMCM4\\system_ARMCM4.c     0x00000000   Number         0  system_armcm4.o ABSOLUTE
    app.c                                    0x00000000   Number         0  app.o ABSOLUTE
    dc.s                                     0x00000000   Number         0  dc.o ABSOLUTE
    main.c                                   0x00000000   Number         0  main.o ABSOLUTE
    switch.c                                 0x00000000   Number         0  switch.o ABSOLUTE
    switch.c                                 0x00000000   Number         0  switch.o ABSOLUTE
    tBitmap.c                                0x00000000   Number         0  tbitmap.o ABSOLUTE
    tCpu.c                                   0x00000000   Number         0  tcpu.o ABSOLUTE
    tCpu.c                                   0x00000000   Number         0  tcpu.o ABSOLUTE
    tEvent.c                                 0x00000000   Number         0  tevent.o ABSOLUTE
    tList.c                                  0x00000000   Number         0  tlist.o ABSOLUTE
    tSem.c                                   0x00000000   Number         0  tsem.o ABSOLUTE
    tTask.c                                  0x00000000   Number         0  ttask.o ABSOLUTE
    tTime.c                                  0x00000000   Number         0  ttime.o ABSOLUTE
    !!!main                                  0x000000c0   Section        8  __main.o(!!!main)
    !!!scatter                               0x000000c8   Section       52  __scatter.o(!!!scatter)
    !!handler_copy                           0x000000fc   Section       26  __scatter_copy.o(!!handler_copy)
    !!handler_zi                             0x00000118   Section       28  __scatter_zi.o(!!handler_zi)
    .ARM.Collect$$libinit$$00000000          0x00000134   Section        2  libinit.o(.ARM.Collect$$libinit$$00000000)
    .ARM.Collect$$libinit$$00000002          0x00000136   Section        0  libinit2.o(.ARM.Collect$$libinit$$00000002)
    .ARM.Collect$$libinit$$00000004          0x00000136   Section        0  libinit2.o(.ARM.Collect$$libinit$$00000004)
    .ARM.Collect$$libinit$$0000000A          0x00000136   Section        0  libinit2.o(.ARM.Collect$$libinit$$0000000A)
    .ARM.Collect$$libinit$$0000000C          0x00000136   Section        0  libinit2.o(.ARM.Collect$$libinit$$0000000C)
    .ARM.Collect$$libinit$$0000000E          0x00000136   Section        0  libinit2.o(.ARM.Collect$$libinit$$0000000E)
    .ARM.Collect$$libinit$$00000011          0x00000136   Section        0  libinit2.o(.ARM.Collect$$libinit$$00000011)
    .ARM.Collect$$libinit$$00000013          0x00000136   Section        0  libinit2.o(.ARM.Collect$$libinit$$00000013)
    .ARM.Collect$$libinit$$00000015          0x00000136   Section        0  libinit2.o(.ARM.Collect$$libinit$$00000015)
    .ARM.Collect$$libinit$$00000017          0x00000136   Section        0  libinit2.o(.ARM.Collect$$libinit$$00000017)
    .ARM.Collect$$libinit$$00000019          0x00000136   Section        0  libinit2.o(.ARM.Collect$$libinit$$00000019)
    .ARM.Collect$$libinit$$0000001B          0x00000136   Section        0  libinit2.o(.ARM.Collect$$libinit$$0000001B)
    .ARM.Collect$$libinit$$0000001D          0x00000136   Section        0  libinit2.o(.ARM.Collect$$libinit$$0000001D)
    .ARM.Collect$$libinit$$0000001F          0x00000136   Section        0  libinit2.o(.ARM.Collect$$libinit$$0000001F)
    .ARM.Collect$$libinit$$00000021          0x00000136   Section        0  libinit2.o(.ARM.Collect$$libinit$$00000021)
    .ARM.Collect$$libinit$$00000023          0x00000136   Section        0  libinit2.o(.ARM.Collect$$libinit$$00000023)
    .ARM.Collect$$libinit$$00000025          0x00000136   Section        0  libinit2.o(.ARM.Collect$$libinit$$00000025)
    .ARM.Collect$$libinit$$0000002C          0x00000136   Section        0  libinit2.o(.ARM.Collect$$libinit$$0000002C)
    .ARM.Collect$$libinit$$0000002E          0x00000136   Section        0  libinit2.o(.ARM.Collect$$libinit$$0000002E)
    .ARM.Collect$$libinit$$00000030          0x00000136   Section        0  libinit2.o(.ARM.Collect$$libinit$$00000030)
    .ARM.Collect$$libinit$$00000032          0x00000136   Section        0  libinit2.o(.ARM.Collect$$libinit$$00000032)
    .ARM.Collect$$libinit$$00000033          0x00000136   Section        2  libinit2.o(.ARM.Collect$$libinit$$00000033)
    .ARM.Collect$$libshutdown$$00000000      0x00000138   Section        2  libshutdown.o(.ARM.Collect$$libshutdown$$00000000)
    .ARM.Collect$$libshutdown$$00000003      0x0000013a   Section        0  libshutdown2.o(.ARM.Collect$$libshutdown$$00000003)
    .ARM.Collect$$libshutdown$$00000006      0x0000013a   Section        0  libshutdown2.o(.ARM.Collect$$libshutdown$$00000006)
    .ARM.Collect$$libshutdown$$00000009      0x0000013a   Section        0  libshutdown2.o(.ARM.Collect$$libshutdown$$00000009)
    .ARM.Collect$$libshutdown$$0000000B      0x0000013a   Section        0  libshutdown2.o(.ARM.Collect$$libshutdown$$0000000B)
    .ARM.Collect$$libshutdown$$0000000E      0x0000013a   Section        0  libshutdown2.o(.ARM.Collect$$libshutdown$$0000000E)
    .ARM.Collect$$libshutdown$$0000000F      0x0000013a   Section        2  libshutdown2.o(.ARM.Collect$$libshutdown$$0000000F)
    .ARM.Collect$$rtentry$$00000000          0x0000013c   Section        0  __rtentry.o(.ARM.Collect$$rtentry$$00000000)
    .ARM.Collect$$rtentry$$00000002          0x0000013c   Section        0  __rtentry2.o(.ARM.Collect$$rtentry$$00000002)
    .ARM.Collect$$rtentry$$00000004          0x0000013c   Section        6  __rtentry4.o(.ARM.Collect$$rtentry$$00000004)
    .ARM.Collect$$rtentry$$00000009          0x00000142   Section        0  __rtentry2.o(.ARM.Collect$$rtentry$$00000009)
    .ARM.Collect$$rtentry$$0000000A          0x00000142   Section        4  __rtentry2.o(.ARM.Collect$$rtentry$$0000000A)
    .ARM.Collect$$rtentry$$0000000C          0x00000146   Section        0  __rtentry2.o(.ARM.Collect$$rtentry$$0000000C)
    .ARM.Collect$$rtentry$$0000000D          0x00000146   Section        8  __rtentry2.o(.ARM.Collect$$rtentry$$0000000D)
    .ARM.Collect$$rtexit$$00000000           0x0000014e   Section        2  rtexit.o(.ARM.Collect$$rtexit$$00000000)
    .ARM.Collect$$rtexit$$00000002           0x00000150   Section        0  rtexit2.o(.ARM.Collect$$rtexit$$00000002)
    .ARM.Collect$$rtexit$$00000003           0x00000150   Section        4  rtexit2.o(.ARM.Collect$$rtexit$$00000003)
    .ARM.Collect$$rtexit$$00000004           0x00000154   Section        6  rtexit2.o(.ARM.Collect$$rtexit$$00000004)
    .emb_text                                0x0000015c   Section       52  switch.o(.emb_text)
    .text                                    0x00000190   Section       64  startup_armcm4.o(.text)
    .text                                    0x000001d0   Section        0  heapauxi.o(.text)
    .text                                    0x000001d6   Section       74  sys_stackheap_outer.o(.text)
    .text                                    0x00000220   Section        0  exit.o(.text)
    .text                                    0x0000022c   Section        8  libspace.o(.text)
    .text                                    0x00000234   Section        0  sys_exit.o(.text)
    .text                                    0x00000240   Section        2  use_no_semi.o(.text)
    .text                                    0x00000242   Section        0  indicate_semi.o(.text)
    i.SysTick_Handler                        0x00000242   Section        0  tcpu.o(i.SysTick_Handler)
    i.SystemInit                             0x0000024c   Section        0  system_armcm4.o(i.SystemInit)
    i.idleTask                               0x0000025c   Section        0  main.o(i.idleTask)
    i.main                                   0x00000260   Section        0  main.o(i.main)
    i.tBitmapClear                           0x000002a8   Section        0  tbitmap.o(i.tBitmapClear)
    i.tBitmapGetFirstSet                     0x000002b4   Section        0  tbitmap.o(i.tBitmapGetFirstSet)
    i.tBitmapInit                            0x00000310   Section        0  tbitmap.o(i.tBitmapInit)
    i.tBitmapPosCount                        0x00000316   Section        0  tbitmap.o(i.tBitmapPosCount)
    i.tBitmapSet                             0x0000031a   Section        0  tbitmap.o(i.tBitmapSet)
    i.tEventInit                             0x00000326   Section        0  tevent.o(i.tEventInit)
    i.tEventRemoveTask                       0x00000336   Section        0  tevent.o(i.tEventRemoveTask)
    i.tInitApp                               0x00000368   Section        0  app.o(i.tInitApp)
    i.tListAddFirst                          0x000003dc   Section        0  tlist.o(i.tListAddFirst)
    i.tListAddLast                           0x000003f4   Section        0  tlist.o(i.tListAddLast)
    i.tListCount                             0x00000408   Section        0  tlist.o(i.tListCount)
    i.tListFirst                             0x0000040e   Section        0  tlist.o(i.tListFirst)
    i.tListInit                              0x0000041e   Section        0  tlist.o(i.tListInit)
    i.tListRemove                            0x00000428   Section        0  tlist.o(i.tListRemove)
    i.tListRemoveFirst                       0x0000043c   Section        0  tlist.o(i.tListRemoveFirst)
    i.tNodeInit                              0x00000456   Section        0  tlist.o(i.tNodeInit)
    i.tSemInit                               0x0000045c   Section        0  tsem.o(i.tSemInit)
    i.tSetSysTickPeriod                      0x00000484   Section        0  tcpu.o(i.tSetSysTickPeriod)
    i.tTaskDelay                             0x000004dc   Section        0  ttime.o(i.tTaskDelay)
    i.tTaskDelayedInit                       0x00000508   Section        0  main.o(i.tTaskDelayedInit)
    i.tTaskEnterCritical                     0x00000518   Section        0  switch.o(i.tTaskEnterCritical)
    i.tTaskExitCritical                      0x00000524   Section        0  switch.o(i.tTaskExitCritical)
    i.tTaskHighestReady                      0x00000530   Section        0  main.o(i.tTaskHighestReady)
    i.tTaskInit                              0x00000568   Section        0  ttask.o(i.tTaskInit)
    i.tTaskRunFirst                          0x00000644   Section        0  switch.o(i.tTaskRunFirst)
    i.tTaskSched                             0x00000660   Section        0  main.o(i.tTaskSched)
    i.tTaskSchedInit                         0x000006a0   Section        0  main.o(i.tTaskSchedInit)
    i.tTaskSchedRdy                          0x000006d4   Section        0  main.o(i.tTaskSchedRdy)
    i.tTaskSchedUnRdy                        0x000006fc   Section        0  main.o(i.tTaskSchedUnRdy)
    i.tTaskSwitch                            0x00000738   Section        0  switch.o(i.tTaskSwitch)
    i.tTaskSystemTickhandler                 0x00000748   Section        0  main.o(i.tTaskSystemTickhandler)
    i.tTimeTaskWait                          0x000007f8   Section        0  main.o(i.tTimeTaskWait)
    i.tTimeTaskWakeUp                        0x00000818   Section        0  main.o(i.tTimeTaskWakeUp)
    i.task1                                  0x00000834   Section        0  app.o(i.task1)
    i.task2                                  0x00000868   Section        0  app.o(i.task2)
    i.task3                                  0x00000888   Section        0  app.o(i.task3)
    i.task4                                  0x000008a8   Section        0  app.o(i.task4)
    .constdata                               0x000008c8   Section      256  tbitmap.o(.constdata)
    quickFindTable                           0x000008c8   Data         256  tbitmap.o(.constdata)
    .data                                    0x20000000   Section       36  main.o(.data)
    str                                      0x20000020   Data           4  main.o(.data)
    .data                                    0x20000024   Section       16  app.o(.data)
    .data                                    0x20000034   Section        4  system_armcm4.o(.data)
    .bss                                     0x20000038   Section     4556  main.o(.bss)
    .bss                                     0x20001204   Section    16680  app.o(.bss)
    .bss                                     0x2000532c   Section       96  libspace.o(.bss)
    HEAP                                     0x20005390   Section     3072  startup_armcm4.o(HEAP)
    Heap_Mem                                 0x20005390   Data        3072  startup_armcm4.o(HEAP)
    STACK                                    0x20005f90   Section     1024  startup_armcm4.o(STACK)
    Stack_Mem                                0x20005f90   Data        1024  startup_armcm4.o(STACK)
    __initial_sp                             0x20006390   Data           0  startup_armcm4.o(STACK)

    Global Symbols

    Symbol Name                              Value     Ov Type        Size  Object(Section)

    BuildAttributes$$THM_ISAv4$E$P$D$K$B$S$7EM$PE$A:L22UL41UL21$X:L11$S22US41US21$IEEE1$IW$USESV6$~STKCKD$USESV7$~SHL$OSPACE$ROPI$EBA8$UX$STANDARDLIB$REQ8$PRES8$EABIv2 0x00000000   Number         0  anon$$obj.o ABSOLUTE
    __ARM_use_no_argv                        0x00000000   Number         0  main.o ABSOLUTE
    __Vectors                                0x00000000   Data           4  startup_armcm4.o(RESET)
    __ARM_exceptions_init                     - Undefined Weak Reference
    __alloca_initialize                       - Undefined Weak Reference
    __arm_preinit_                            - Undefined Weak Reference
    __cpp_initialize__aeabi_                  - Undefined Weak Reference
    __cxa_finalize                            - Undefined Weak Reference
    __rt_locale                               - Undefined Weak Reference
    __sigvec_lookup                           - Undefined Weak Reference
    _atexit_init                              - Undefined Weak Reference
    _call_atexit_fns                          - Undefined Weak Reference
    _clock_init                               - Undefined Weak Reference
    _fp_trap_init                             - Undefined Weak Reference
    _fp_trap_shutdown                         - Undefined Weak Reference
    _get_lc_collate                           - Undefined Weak Reference
    _get_lc_ctype                             - Undefined Weak Reference
    _get_lc_monetary                          - Undefined Weak Reference
    _get_lc_numeric                           - Undefined Weak Reference
    _get_lc_time                              - Undefined Weak Reference
    _getenv_init                              - Undefined Weak Reference
    _handle_redirection                       - Undefined Weak Reference
    _init_alloc                               - Undefined Weak Reference
    _init_user_alloc                          - Undefined Weak Reference
    _initio                                   - Undefined Weak Reference
    _rand_init                                - Undefined Weak Reference
    _signal_finish                            - Undefined Weak Reference
    _signal_init                              - Undefined Weak Reference
    _terminate_alloc                          - Undefined Weak Reference
    _terminate_user_alloc                     - Undefined Weak Reference
    _terminateio                              - Undefined Weak Reference
    __Vectors_End                            0x000000c0   Data           0  startup_armcm4.o(RESET)
    __Vectors_Size                           0x000000c0   Number         0  startup_armcm4.o ABSOLUTE
    __main                                   0x000000c1   Thumb Code     8  __main.o(!!!main)
    __scatterload                            0x000000c9   Thumb Code     0  __scatter.o(!!!scatter)
    __scatterload_rt2                        0x000000c9   Thumb Code    44  __scatter.o(!!!scatter)
    __scatterload_rt2_thumb_only             0x000000c9   Thumb Code     0  __scatter.o(!!!scatter)
    __scatterload_null                       0x000000d7   Thumb Code     0  __scatter.o(!!!scatter)
    __scatterload_copy                       0x000000fd   Thumb Code    26  __scatter_copy.o(!!handler_copy)
    __scatterload_zeroinit                   0x00000119   Thumb Code    28  __scatter_zi.o(!!handler_zi)
    __rt_lib_init                            0x00000135   Thumb Code     0  libinit.o(.ARM.Collect$$libinit$$00000000)
    __rt_lib_init_alloca_1                   0x00000137   Thumb Code     0  libinit2.o(.ARM.Collect$$libinit$$0000002E)
    __rt_lib_init_argv_1                     0x00000137   Thumb Code     0  libinit2.o(.ARM.Collect$$libinit$$0000002C)
    __rt_lib_init_atexit_1                   0x00000137   Thumb Code     0  libinit2.o(.ARM.Collect$$libinit$$0000001B)
    __rt_lib_init_clock_1                    0x00000137   Thumb Code     0  libinit2.o(.ARM.Collect$$libinit$$00000021)
    __rt_lib_init_cpp_1                      0x00000137   Thumb Code     0  libinit2.o(.ARM.Collect$$libinit$$00000032)
    __rt_lib_init_exceptions_1               0x00000137   Thumb Code     0  libinit2.o(.ARM.Collect$$libinit$$00000030)
    __rt_lib_init_fp_1                       0x00000137   Thumb Code     0  libinit2.o(.ARM.Collect$$libinit$$00000002)
    __rt_lib_init_fp_trap_1                  0x00000137   Thumb Code     0  libinit2.o(.ARM.Collect$$libinit$$0000001F)
    __rt_lib_init_getenv_1                   0x00000137   Thumb Code     0  libinit2.o(.ARM.Collect$$libinit$$00000023)
    __rt_lib_init_heap_1                     0x00000137   Thumb Code     0  libinit2.o(.ARM.Collect$$libinit$$0000000A)
    __rt_lib_init_lc_collate_1               0x00000137   Thumb Code     0  libinit2.o(.ARM.Collect$$libinit$$00000011)
    __rt_lib_init_lc_ctype_1                 0x00000137   Thumb Code     0  libinit2.o(.ARM.Collect$$libinit$$00000013)
    __rt_lib_init_lc_monetary_1              0x00000137   Thumb Code     0  libinit2.o(.ARM.Collect$$libinit$$00000015)
    __rt_lib_init_lc_numeric_1               0x00000137   Thumb Code     0  libinit2.o(.ARM.Collect$$libinit$$00000017)
    __rt_lib_init_lc_time_1                  0x00000137   Thumb Code     0  libinit2.o(.ARM.Collect$$libinit$$00000019)
    __rt_lib_init_preinit_1                  0x00000137   Thumb Code     0  libinit2.o(.ARM.Collect$$libinit$$00000004)
    __rt_lib_init_rand_1                     0x00000137   Thumb Code     0  libinit2.o(.ARM.Collect$$libinit$$0000000E)
    __rt_lib_init_return                     0x00000137   Thumb Code     0  libinit2.o(.ARM.Collect$$libinit$$00000033)
    __rt_lib_init_signal_1                   0x00000137   Thumb Code     0  libinit2.o(.ARM.Collect$$libinit$$0000001D)
    __rt_lib_init_stdio_1                    0x00000137   Thumb Code     0  libinit2.o(.ARM.Collect$$libinit$$00000025)
    __rt_lib_init_user_alloc_1               0x00000137   Thumb Code     0  libinit2.o(.ARM.Collect$$libinit$$0000000C)
    __rt_lib_shutdown                        0x00000139   Thumb Code     0  libshutdown.o(.ARM.Collect$$libshutdown$$00000000)
    __rt_lib_shutdown_fp_trap_1              0x0000013b   Thumb Code     0  libshutdown2.o(.ARM.Collect$$libshutdown$$00000006)
    __rt_lib_shutdown_heap_1                 0x0000013b   Thumb Code     0  libshutdown2.o(.ARM.Collect$$libshutdown$$0000000E)
    __rt_lib_shutdown_return                 0x0000013b   Thumb Code     0  libshutdown2.o(.ARM.Collect$$libshutdown$$0000000F)
    __rt_lib_shutdown_signal_1               0x0000013b   Thumb Code     0  libshutdown2.o(.ARM.Collect$$libshutdown$$00000009)
    __rt_lib_shutdown_stdio_1                0x0000013b   Thumb Code     0  libshutdown2.o(.ARM.Collect$$libshutdown$$00000003)
    __rt_lib_shutdown_user_alloc_1           0x0000013b   Thumb Code     0  libshutdown2.o(.ARM.Collect$$libshutdown$$0000000B)
    __rt_entry                               0x0000013d   Thumb Code     0  __rtentry.o(.ARM.Collect$$rtentry$$00000000)
    __rt_entry_presh_1                       0x0000013d   Thumb Code     0  __rtentry2.o(.ARM.Collect$$rtentry$$00000002)
    __rt_entry_sh                            0x0000013d   Thumb Code     0  __rtentry4.o(.ARM.Collect$$rtentry$$00000004)
    __rt_entry_li                            0x00000143   Thumb Code     0  __rtentry2.o(.ARM.Collect$$rtentry$$0000000A)
    __rt_entry_postsh_1                      0x00000143   Thumb Code     0  __rtentry2.o(.ARM.Collect$$rtentry$$00000009)
    __rt_entry_main                          0x00000147   Thumb Code     0  __rtentry2.o(.ARM.Collect$$rtentry$$0000000D)
    __rt_entry_postli_1                      0x00000147   Thumb Code     0  __rtentry2.o(.ARM.Collect$$rtentry$$0000000C)
    __rt_exit                                0x0000014f   Thumb Code     0  rtexit.o(.ARM.Collect$$rtexit$$00000000)
    __rt_exit_ls                             0x00000151   Thumb Code     0  rtexit2.o(.ARM.Collect$$rtexit$$00000003)
    __rt_exit_prels_1                        0x00000151   Thumb Code     0  rtexit2.o(.ARM.Collect$$rtexit$$00000002)
    __rt_exit_exit                           0x00000155   Thumb Code     0  rtexit2.o(.ARM.Collect$$rtexit$$00000004)
    PendSV_Handler                           0x0000015d   Thumb Code    44  switch.o(.emb_text)
    Reset_Handler                            0x00000191   Thumb Code     8  startup_armcm4.o(.text)
    NMI_Handler                              0x00000199   Thumb Code     2  startup_armcm4.o(.text)
    HardFault_Handler                        0x0000019b   Thumb Code     2  startup_armcm4.o(.text)
    MemManage_Handler                        0x0000019d   Thumb Code     2  startup_armcm4.o(.text)
    BusFault_Handler                         0x0000019f   Thumb Code     2  startup_armcm4.o(.text)
    UsageFault_Handler                       0x000001a1   Thumb Code     2  startup_armcm4.o(.text)
    SVC_Handler                              0x000001a3   Thumb Code     2  startup_armcm4.o(.text)
    DebugMon_Handler                         0x000001a5   Thumb Code     2  startup_armcm4.o(.text)
    AACI_IRQHandler                          0x000001ab   Thumb Code     0  startup_armcm4.o(.text)
    CAN_IRQHandler                           0x000001ab   Thumb Code     0  startup_armcm4.o(.text)
    CHLCD_IRQHandler                         0x000001ab   Thumb Code     0  startup_armcm4.o(.text)
    CLCD_IRQHandler                          0x000001ab   Thumb Code     0  startup_armcm4.o(.text)
    CPU_CLCD_IRQHandler                      0x000001ab   Thumb Code     0  startup_armcm4.o(.text)
    ENET_IRQHandler                          0x000001ab   Thumb Code     0  startup_armcm4.o(.text)
    FLEXRAY_IRQHandler                       0x000001ab   Thumb Code     0  startup_armcm4.o(.text)
    I2C_IRQHandler                           0x000001ab   Thumb Code     0  startup_armcm4.o(.text)
    LIN_IRQHandler                           0x000001ab   Thumb Code     0  startup_armcm4.o(.text)
    MCIA_IRQHandler                          0x000001ab   Thumb Code     0  startup_armcm4.o(.text)
    MCIB_IRQHandler                          0x000001ab   Thumb Code     0  startup_armcm4.o(.text)
    RTC_IRQHandler                           0x000001ab   Thumb Code     0  startup_armcm4.o(.text)
    SPI_IRQHandler                           0x000001ab   Thumb Code     0  startup_armcm4.o(.text)
    TIM0_IRQHandler                          0x000001ab   Thumb Code     0  startup_armcm4.o(.text)
    TIM2_IRQHandler                          0x000001ab   Thumb Code     0  startup_armcm4.o(.text)
    UART0_IRQHandler                         0x000001ab   Thumb Code     0  startup_armcm4.o(.text)
    UART1_IRQHandler                         0x000001ab   Thumb Code     0  startup_armcm4.o(.text)
    UART2_IRQHandler                         0x000001ab   Thumb Code     0  startup_armcm4.o(.text)
    UART3_IRQHandler                         0x000001ab   Thumb Code     0  startup_armcm4.o(.text)
    UART4_IRQHandler                         0x000001ab   Thumb Code     0  startup_armcm4.o(.text)
    USBDC_IRQHandler                         0x000001ab   Thumb Code     0  startup_armcm4.o(.text)
    USBHC_IRQHandler                         0x000001ab   Thumb Code     0  startup_armcm4.o(.text)
    WDT_IRQHandler                           0x000001ab   Thumb Code     0  startup_armcm4.o(.text)
    __user_initial_stackheap                 0x000001ad   Thumb Code    10  startup_armcm4.o(.text)
    __use_two_region_memory                  0x000001d1   Thumb Code     2  heapauxi.o(.text)
    __rt_heap_escrow$2region                 0x000001d3   Thumb Code     2  heapauxi.o(.text)
    __rt_heap_expand$2region                 0x000001d5   Thumb Code     2  heapauxi.o(.text)
    __user_setup_stackheap                   0x000001d7   Thumb Code    74  sys_stackheap_outer.o(.text)
    exit                                     0x00000221   Thumb Code    12  exit.o(.text)
    __user_libspace                          0x0000022d   Thumb Code     8  libspace.o(.text)
    __user_perproc_libspace                  0x0000022d   Thumb Code     0  libspace.o(.text)
    __user_perthread_libspace                0x0000022d   Thumb Code     0  libspace.o(.text)
    _sys_exit                                0x00000235   Thumb Code     8  sys_exit.o(.text)
    __I$use$semihosting                      0x00000241   Thumb Code     0  use_no_semi.o(.text)
    __use_no_semihosting_swi                 0x00000241   Thumb Code     2  use_no_semi.o(.text)
    SysTick_Handler                          0x00000243   Thumb Code     8  tcpu.o(i.SysTick_Handler)
    __semihosting_library_function           0x00000243   Thumb Code     0  indicate_semi.o(.text)
    SystemInit                               0x0000024d   Thumb Code     8  system_armcm4.o(i.SystemInit)
    idleTask                                 0x0000025d   Thumb Code     4  main.o(i.idleTask)
    main                                     0x00000261   Thumb Code    52  main.o(i.main)
    tBitmapClear                             0x000002a9   Thumb Code    12  tbitmap.o(i.tBitmapClear)
    tBitmapGetFirstSet                       0x000002b5   Thumb Code    86  tbitmap.o(i.tBitmapGetFirstSet)
    tBitmapInit                              0x00000311   Thumb Code     6  tbitmap.o(i.tBitmapInit)
    tBitmapPosCount                          0x00000317   Thumb Code     4  tbitmap.o(i.tBitmapPosCount)
    tBitmapSet                               0x0000031b   Thumb Code    12  tbitmap.o(i.tBitmapSet)
    tEventInit                               0x00000327   Thumb Code    16  tevent.o(i.tEventInit)
    tEventRemoveTask                         0x00000337   Thumb Code    48  tevent.o(i.tEventRemoveTask)
    tInitApp                                 0x00000369   Thumb Code    68  app.o(i.tInitApp)
    tListAddFirst                            0x000003dd   Thumb Code    24  tlist.o(i.tListAddFirst)
    tListAddLast                             0x000003f5   Thumb Code    20  tlist.o(i.tListAddLast)
    tListCount                               0x00000409   Thumb Code     6  tlist.o(i.tListCount)
    tListFirst                               0x0000040f   Thumb Code    16  tlist.o(i.tListFirst)
    tListInit                                0x0000041f   Thumb Code    10  tlist.o(i.tListInit)
    tListRemove                              0x00000429   Thumb Code    20  tlist.o(i.tListRemove)
    tListRemoveFirst                         0x0000043d   Thumb Code    26  tlist.o(i.tListRemoveFirst)
    tNodeInit                                0x00000457   Thumb Code     6  tlist.o(i.tNodeInit)
    tSemInit                                 0x0000045d   Thumb Code    38  tsem.o(i.tSemInit)
    tSetSysTickPeriod                        0x00000485   Thumb Code    74  tcpu.o(i.tSetSysTickPeriod)
    tTaskDelay                               0x000004dd   Thumb Code    40  ttime.o(i.tTaskDelay)
    tTaskDelayedInit                         0x00000509   Thumb Code    10  main.o(i.tTaskDelayedInit)
    tTaskEnterCritical                       0x00000519   Thumb Code    12  switch.o(i.tTaskEnterCritical)
    tTaskExitCritical                        0x00000525   Thumb Code    10  switch.o(i.tTaskExitCritical)
    tTaskHighestReady                        0x00000531   Thumb Code    40  main.o(i.tTaskHighestReady)
    tTaskInit                                0x00000569   Thumb Code   212  ttask.o(i.tTaskInit)
    tTaskRunFirst                            0x00000645   Thumb Code    24  switch.o(i.tTaskRunFirst)
    tTaskSched                               0x00000661   Thumb Code    50  main.o(i.tTaskSched)
    tTaskSchedInit                           0x000006a1   Thumb Code    40  main.o(i.tTaskSchedInit)
    tTaskSchedRdy                            0x000006d5   Thumb Code    32  main.o(i.tTaskSchedRdy)
    tTaskSchedUnRdy                          0x000006fd   Thumb Code    50  main.o(i.tTaskSchedUnRdy)
    tTaskSwitch                              0x00000739   Thumb Code    10  switch.o(i.tTaskSwitch)
    tTaskSystemTickhandler                   0x00000749   Thumb Code   164  main.o(i.tTaskSystemTickhandler)
    tTimeTaskWait                            0x000007f9   Thumb Code    28  main.o(i.tTimeTaskWait)
    tTimeTaskWakeUp                          0x00000819   Thumb Code    24  main.o(i.tTimeTaskWakeUp)
    task1                                    0x00000835   Thumb Code    42  app.o(i.task1)
    task2                                    0x00000869   Thumb Code    26  app.o(i.task2)
    task3                                    0x00000889   Thumb Code    26  app.o(i.task3)
    task4                                    0x000008a9   Thumb Code    26  app.o(i.task4)
    Region$$Table$$Base                      0x000009c8   Number         0  anon$$obj.o(Region$$Table)
    Region$$Table$$Limit                     0x000009e8   Number         0  anon$$obj.o(Region$$Table)
    num                                      0x20000000   Data           2  main.o(.data)
    test                                     0x20000004   Data           4  main.o(.data)
    currentTask                              0x20000008   Data           4  main.o(.data)
    nextTask                                 0x2000000c   Data           4  main.o(.data)
    taskPrioBitmap                           0x20000010   Data           4  main.o(.data)
    schedLockCount                           0x20000014   Data           1  main.o(.data)
    node                                     0x20000018   Data           4  main.o(.data)
    highestPrio                              0x2000001c   Data           4  main.o(.data)
    task_flag1                               0x20000024   Data           4  app.o(.data)
    task_flag2                               0x20000028   Data           4  app.o(.data)
    task_flag3                               0x2000002c   Data           4  app.o(.data)
    task_flag4                               0x20000030   Data           4  app.o(.data)
    SystemCoreClock                          0x20000034   Data           4  system_armcm4.o(.data)
    taskTable                                0x20000038   Data         384  main.o(.bss)
    tTaskDelayedList                         0x200001b8   Data          12  main.o(.bss)
    tidleTask                                0x200001c4   Data          64  main.o(.bss)
    idleTaskEnv                              0x20000204   Data        4096  main.o(.bss)
    tTask1                                   0x20001204   Data          64  app.o(.bss)
    tTask2                                   0x20001244   Data          64  app.o(.bss)
    tTask3                                   0x20001284   Data          64  app.o(.bss)
    tTask4                                   0x200012c4   Data          64  app.o(.bss)
    task1Env                                 0x20001304   Data        4096  app.o(.bss)
    task2Env                                 0x20002304   Data        4096  app.o(.bss)
    task3Env                                 0x20003304   Data        4096  app.o(.bss)
    task4Env                                 0x20004304   Data        4096  app.o(.bss)
    eventWaitNormal                          0x20005304   Data          16  app.o(.bss)
    sem                                      0x20005314   Data          24  app.o(.bss)
    __libspace_start                         0x2000532c   Data          96  libspace.o(.bss)
    __temporary_stack_top$libspace           0x2000538c   Data           0  libspace.o(.bss)



==============================================================================

Memory Map of the image

  Image Entry point : 0x000000c1

  Load Region LR_IROM1 (Base: 0x00000000, Size: 0x00000a20, Max: 0x00080000, ABSOLUTE)

    Execution Region ER_IROM1 (Exec base: 0x00000000, Load base: 0x00000000, Size: 0x000009e8, Max: 0x00080000, ABSOLUTE)

    Exec Addr    Load Addr    Size         Type   Attr      Idx    E Section Name        Object

    0x00000000   0x00000000   0x000000c0   Data   RO          537    RESET               startup_armcm4.o
    0x000000c0   0x000000c0   0x00000008   Code   RO          582  * !!!main             c_w.l(__main.o)
    0x000000c8   0x000000c8   0x00000034   Code   RO          738    !!!scatter          c_w.l(__scatter.o)
    0x000000fc   0x000000fc   0x0000001a   Code   RO          740    !!handler_copy      c_w.l(__scatter_copy.o)
    0x00000116   0x00000116   0x00000002   PAD
    0x00000118   0x00000118   0x0000001c   Code   RO          742    !!handler_zi        c_w.l(__scatter_zi.o)
    0x00000134   0x00000134   0x00000002   Code   RO          609    .ARM.Collect$$libinit$$00000000  c_w.l(libinit.o)
    0x00000136   0x00000136   0x00000000   Code   RO          616    .ARM.Collect$$libinit$$00000002  c_w.l(libinit2.o)
    0x00000136   0x00000136   0x00000000   Code   RO          618    .ARM.Collect$$libinit$$00000004  c_w.l(libinit2.o)
    0x00000136   0x00000136   0x00000000   Code   RO          621    .ARM.Collect$$libinit$$0000000A  c_w.l(libinit2.o)
    0x00000136   0x00000136   0x00000000   Code   RO          623    .ARM.Collect$$libinit$$0000000C  c_w.l(libinit2.o)
    0x00000136   0x00000136   0x00000000   Code   RO          625    .ARM.Collect$$libinit$$0000000E  c_w.l(libinit2.o)
    0x00000136   0x00000136   0x00000000   Code   RO          628    .ARM.Collect$$libinit$$00000011  c_w.l(libinit2.o)
    0x00000136   0x00000136   0x00000000   Code   RO          630    .ARM.Collect$$libinit$$00000013  c_w.l(libinit2.o)
    0x00000136   0x00000136   0x00000000   Code   RO          632    .ARM.Collect$$libinit$$00000015  c_w.l(libinit2.o)
    0x00000136   0x00000136   0x00000000   Code   RO          634    .ARM.Collect$$libinit$$00000017  c_w.l(libinit2.o)
    0x00000136   0x00000136   0x00000000   Code   RO          636    .ARM.Collect$$libinit$$00000019  c_w.l(libinit2.o)
    0x00000136   0x00000136   0x00000000   Code   RO          638    .ARM.Collect$$libinit$$0000001B  c_w.l(libinit2.o)
    0x00000136   0x00000136   0x00000000   Code   RO          640    .ARM.Collect$$libinit$$0000001D  c_w.l(libinit2.o)
    0x00000136   0x00000136   0x00000000   Code   RO          642    .ARM.Collect$$libinit$$0000001F  c_w.l(libinit2.o)
    0x00000136   0x00000136   0x00000000   Code   RO          644    .ARM.Collect$$libinit$$00000021  c_w.l(libinit2.o)
    0x00000136   0x00000136   0x00000000   Code   RO          646    .ARM.Collect$$libinit$$00000023  c_w.l(libinit2.o)
    0x00000136   0x00000136   0x00000000   Code   RO          648    .ARM.Collect$$libinit$$00000025  c_w.l(libinit2.o)
    0x00000136   0x00000136   0x00000000   Code   RO          652    .ARM.Collect$$libinit$$0000002C  c_w.l(libinit2.o)
    0x00000136   0x00000136   0x00000000   Code   RO          654    .ARM.Collect$$libinit$$0000002E  c_w.l(libinit2.o)
    0x00000136   0x00000136   0x00000000   Code   RO          656    .ARM.Collect$$libinit$$00000030  c_w.l(libinit2.o)
    0x00000136   0x00000136   0x00000000   Code   RO          658    .ARM.Collect$$libinit$$00000032  c_w.l(libinit2.o)
    0x00000136   0x00000136   0x00000002   Code   RO          659    .ARM.Collect$$libinit$$00000033  c_w.l(libinit2.o)
    0x00000138   0x00000138   0x00000002   Code   RO          679    .ARM.Collect$$libshutdown$$00000000  c_w.l(libshutdown.o)
    0x0000013a   0x0000013a   0x00000000   Code   RO          693    .ARM.Collect$$libshutdown$$00000003  c_w.l(libshutdown2.o)
    0x0000013a   0x0000013a   0x00000000   Code   RO          696    .ARM.Collect$$libshutdown$$00000006  c_w.l(libshutdown2.o)
    0x0000013a   0x0000013a   0x00000000   Code   RO          699    .ARM.Collect$$libshutdown$$00000009  c_w.l(libshutdown2.o)
    0x0000013a   0x0000013a   0x00000000   Code   RO          701    .ARM.Collect$$libshutdown$$0000000B  c_w.l(libshutdown2.o)
    0x0000013a   0x0000013a   0x00000000   Code   RO          704    .ARM.Collect$$libshutdown$$0000000E  c_w.l(libshutdown2.o)
    0x0000013a   0x0000013a   0x00000002   Code   RO          705    .ARM.Collect$$libshutdown$$0000000F  c_w.l(libshutdown2.o)
    0x0000013c   0x0000013c   0x00000000   Code   RO          584    .ARM.Collect$$rtentry$$00000000  c_w.l(__rtentry.o)
    0x0000013c   0x0000013c   0x00000000   Code   RO          586    .ARM.Collect$$rtentry$$00000002  c_w.l(__rtentry2.o)
    0x0000013c   0x0000013c   0x00000006   Code   RO          598    .ARM.Collect$$rtentry$$00000004  c_w.l(__rtentry4.o)
    0x00000142   0x00000142   0x00000000   Code   RO          588    .ARM.Collect$$rtentry$$00000009  c_w.l(__rtentry2.o)
    0x00000142   0x00000142   0x00000004   Code   RO          589    .ARM.Collect$$rtentry$$0000000A  c_w.l(__rtentry2.o)
    0x00000146   0x00000146   0x00000000   Code   RO          591    .ARM.Collect$$rtentry$$0000000C  c_w.l(__rtentry2.o)
    0x00000146   0x00000146   0x00000008   Code   RO          592    .ARM.Collect$$rtentry$$0000000D  c_w.l(__rtentry2.o)
    0x0000014e   0x0000014e   0x00000002   Code   RO          613    .ARM.Collect$$rtexit$$00000000  c_w.l(rtexit.o)
    0x00000150   0x00000150   0x00000000   Code   RO          661    .ARM.Collect$$rtexit$$00000002  c_w.l(rtexit2.o)
    0x00000150   0x00000150   0x00000004   Code   RO          662    .ARM.Collect$$rtexit$$00000003  c_w.l(rtexit2.o)
    0x00000154   0x00000154   0x00000006   Code   RO          663    .ARM.Collect$$rtexit$$00000004  c_w.l(rtexit2.o)
    0x0000015a   0x0000015a   0x00000002   PAD
    0x0000015c   0x0000015c   0x00000034   Code   RO          121    .emb_text           switch.o
    0x00000190   0x00000190   0x00000040   Code   RO          538    .text               startup_armcm4.o
    0x000001d0   0x000001d0   0x00000006   Code   RO          580    .text               c_w.l(heapauxi.o)
    0x000001d6   0x000001d6   0x0000004a   Code   RO          600    .text               c_w.l(sys_stackheap_outer.o)
    0x00000220   0x00000220   0x0000000c   Code   RO          602    .text               c_w.l(exit.o)
    0x0000022c   0x0000022c   0x00000008   Code   RO          610    .text               c_w.l(libspace.o)
    0x00000234   0x00000234   0x0000000c   Code   RO          671    .text               c_w.l(sys_exit.o)
    0x00000240   0x00000240   0x00000002   Code   RO          682    .text               c_w.l(use_no_semi.o)
    0x00000242   0x00000242   0x00000000   Code   RO          684    .text               c_w.l(indicate_semi.o)
    0x00000242   0x00000242   0x00000008   Code   RO          401    i.SysTick_Handler   tcpu.o
    0x0000024a   0x0000024a   0x00000002   PAD
    0x0000024c   0x0000024c   0x00000010   Code   RO          546    i.SystemInit        system_armcm4.o
    0x0000025c   0x0000025c   0x00000004   Code   RO            2    i.idleTask          main.o
    0x00000260   0x00000260   0x00000048   Code   RO            3    i.main              main.o
    0x000002a8   0x000002a8   0x0000000c   Code   RO          189    i.tBitmapClear      tbitmap.o
    0x000002b4   0x000002b4   0x0000005c   Code   RO          190    i.tBitmapGetFirstSet  tbitmap.o
    0x00000310   0x00000310   0x00000006   Code   RO          191    i.tBitmapInit       tbitmap.o
    0x00000316   0x00000316   0x00000004   Code   RO          192    i.tBitmapPosCount   tbitmap.o
    0x0000031a   0x0000031a   0x0000000c   Code   RO          193    i.tBitmapSet        tbitmap.o
    0x00000326   0x00000326   0x00000010   Code   RO          481    i.tEventInit        tevent.o
    0x00000336   0x00000336   0x00000030   Code   RO          483    i.tEventRemoveTask  tevent.o
    0x00000366   0x00000366   0x00000002   PAD
    0x00000368   0x00000368   0x00000074   Code   RO          435    i.tInitApp          app.o
    0x000003dc   0x000003dc   0x00000018   Code   RO          229    i.tListAddFirst     tlist.o
    0x000003f4   0x000003f4   0x00000014   Code   RO          230    i.tListAddLast      tlist.o
    0x00000408   0x00000408   0x00000006   Code   RO          231    i.tListCount        tlist.o
    0x0000040e   0x0000040e   0x00000010   Code   RO          232    i.tListFirst        tlist.o
    0x0000041e   0x0000041e   0x0000000a   Code   RO          233    i.tListInit         tlist.o
    0x00000428   0x00000428   0x00000014   Code   RO          238    i.tListRemove       tlist.o
    0x0000043c   0x0000043c   0x0000001a   Code   RO          240    i.tListRemoveFirst  tlist.o
    0x00000456   0x00000456   0x00000006   Code   RO          241    i.tNodeInit         tlist.o
    0x0000045c   0x0000045c   0x00000026   Code   RO          523    i.tSemInit          tsem.o
    0x00000482   0x00000482   0x00000002   PAD
    0x00000484   0x00000484   0x00000058   Code   RO          402    i.tSetSysTickPeriod  tcpu.o
    0x000004dc   0x000004dc   0x0000002c   Code   RO          386    i.tTaskDelay        ttime.o
    0x00000508   0x00000508   0x00000010   Code   RO            4    i.tTaskDelayedInit  main.o
    0x00000518   0x00000518   0x0000000c   Code   RO          122    i.tTaskEnterCritical  switch.o
    0x00000524   0x00000524   0x0000000a   Code   RO          123    i.tTaskExitCritical  switch.o
    0x0000052e   0x0000052e   0x00000002   PAD
    0x00000530   0x00000530   0x00000038   Code   RO            5    i.tTaskHighestReady  main.o
    0x00000568   0x00000568   0x000000dc   Code   RO          316    i.tTaskInit         ttask.o
    0x00000644   0x00000644   0x0000001c   Code   RO          124    i.tTaskRunFirst     switch.o
    0x00000660   0x00000660   0x00000040   Code   RO            6    i.tTaskSched        main.o
    0x000006a0   0x000006a0   0x00000034   Code   RO            9    i.tTaskSchedInit    main.o
    0x000006d4   0x000006d4   0x00000028   Code   RO           10    i.tTaskSchedRdy     main.o
    0x000006fc   0x000006fc   0x0000003c   Code   RO           11    i.tTaskSchedUnRdy   main.o
    0x00000738   0x00000738   0x00000010   Code   RO          125    i.tTaskSwitch       switch.o
    0x00000748   0x00000748   0x000000b0   Code   RO           12    i.tTaskSystemTickhandler  main.o
    0x000007f8   0x000007f8   0x00000020   Code   RO           13    i.tTimeTaskWait     main.o
    0x00000818   0x00000818   0x0000001c   Code   RO           14    i.tTimeTaskWakeUp   main.o
    0x00000834   0x00000834   0x00000034   Code   RO          436    i.task1             app.o
    0x00000868   0x00000868   0x00000020   Code   RO          438    i.task2             app.o
    0x00000888   0x00000888   0x00000020   Code   RO          439    i.task3             app.o
    0x000008a8   0x000008a8   0x00000020   Code   RO          440    i.task4             app.o
    0x000008c8   0x000008c8   0x00000100   Data   RO          194    .constdata          tbitmap.o
    0x000009c8   0x000009c8   0x00000020   Data   RO          736    Region$$Table       anon$$obj.o


    Execution Region RW_IRAM1 (Exec base: 0x20000000, Load base: 0x000009e8, Size: 0x00006390, Max: 0x00020000, ABSOLUTE)

    Exec Addr    Load Addr    Size         Type   Attr      Idx    E Section Name        Object

    0x20000000   0x000009e8   0x00000024   Data   RW           16    .data               main.o
    0x20000024   0x00000a0c   0x00000010   Data   RW          442    .data               app.o
    0x20000034   0x00000a1c   0x00000004   Data   RW          547    .data               system_armcm4.o
    0x20000038        -       0x000011cc   Zero   RW           15    .bss                main.o
    0x20001204        -       0x00004128   Zero   RW          441    .bss                app.o
    0x2000532c        -       0x00000060   Zero   RW          611    .bss                c_w.l(libspace.o)
    0x2000538c   0x00000a20   0x00000004   PAD
    0x20005390        -       0x00000c00   Zero   RW          536    HEAP                startup_armcm4.o
    0x20005f90        -       0x00000400   Zero   RW          535    STACK               startup_armcm4.o


==============================================================================

Image component sizes


      Code (inc. data)   RO Data    RW Data    ZI Data      Debug   Object Name

       264         76          0         16      16680       3253   app.o
       600        106          0         36       4556      13814   main.o
        64         26        192          0       4096        856   startup_armcm4.o
       118         18          0          0          0       7059   switch.o
        16          8          0          4          0        695   system_armcm4.o
       126          6        256          0          0       3313   tbitmap.o
        96         14          0          0          0      25057   tcpu.o
        64          0          0          0          0       1496   tevent.o
       128          0          0          0          0       4178   tlist.o
        38          0          0          0          0        935   tsem.o
       220          8          0          0          0       1219   ttask.o
        44          4          0          0          0        501   ttime.o

    ----------------------------------------------------------------------
      1786        266        480         56      25332      62376   Object Totals
         0          0         32          0          0          0   (incl. Generated)
         8          0          0          0          0          0   (incl. Padding)

    ----------------------------------------------------------------------

      Code (inc. data)   RO Data    RW Data    ZI Data      Debug   Library Member Name

         8          0          0          0          0         68   __main.o
         0          0          0          0          0          0   __rtentry.o
        12          0          0          0          0          0   __rtentry2.o
         6          0          0          0          0          0   __rtentry4.o
        52          8          0          0          0          0   __scatter.o
        26          0          0          0          0          0   __scatter_copy.o
        28          0          0          0          0          0   __scatter_zi.o
        12          0          0          0          0         72   exit.o
         6          0          0          0          0        152   heapauxi.o
         0          0          0          0          0          0   indicate_semi.o
         2          0          0          0          0          0   libinit.o
         2          0          0          0          0          0   libinit2.o
         2          0          0          0          0          0   libshutdown.o
         2          0          0          0          0          0   libshutdown2.o
         8          4          0          0         96         68   libspace.o
         2          0          0          0          0          0   rtexit.o
        10          0          0          0          0          0   rtexit2.o
        12          4          0          0          0         68   sys_exit.o
        74          0          0          0          0         80   sys_stackheap_outer.o
         2          0          0          0          0         68   use_no_semi.o

    ----------------------------------------------------------------------
       270         16          0          0        100        576   Library Totals
         4          0          0          0          4          0   (incl. Padding)

    ----------------------------------------------------------------------

      Code (inc. data)   RO Data    RW Data    ZI Data      Debug   Library Name

       266         16          0          0         96        576   c_w.l

    ----------------------------------------------------------------------
       270         16          0          0        100        576   Library Totals

    ----------------------------------------------------------------------

==============================================================================


      Code (inc. data)   RO Data    RW Data    ZI Data      Debug   

      2056        282        480         56      25432      60816   Grand Totals
      2056        282        480         56      25432      60816   ELF Image Totals
      2056        282        480         56          0          0   ROM Totals

==============================================================================

    Total RO  Size (Code + RO Data)                 2536 (   2.48kB)
    Total RW  Size (RW Data + ZI Data)             25488 (  24.89kB)
    Total ROM Size (Code + RO Data + RW Data)       2592 (   2.53kB)

==============================================================================

